// Jest Snapshot v1, https://goo.gl/fbAQLP

exports[`SubHeader renders correctly 1`] = `
<div
  className="search-settings"
>
  <span
    className="search-settings__genre"
  >
    Films by 
    drama
     genre
  </span>
</div>
`;
