// Jest Snapshot v1, https://goo.gl/fbAQLP

exports[`renders MainLogo properly 1`] = `
<img
  alt=""
  src="test-file-stub"
/>
`;
